[
  {
    "id": "tabletApp",
    "interface": "TabletApp",
    "name": "ConfirmAgeEntered",
    "args": []
  },
  {
    "id": "tabletApp",
    "interface": "TabletApp",
    "name": "ConfirmWeightEntered",
    "args": []
  },
  {
    "id": "tabletApp",
    "interface": "TabletApp",
    "name": "Instruct",
    "args": ["get antibiotics primary conditions"]
  },
  {
    "id": "tabletApp",
    "interface": "TabletApp",
    "name": "RecommendDrug",
    "args": [ "Children > 28 days who are immunosuppressed or at risk for infection with Pseudomonas species",
              "OSF Antibiotics Set",
              "drug combination",
              "vancomycin (15 mg/kg, maximum 1 to 2 g, for the initial dose)",
              "PLUS cefepime (50 mg/kg, maximum 2 g, for the initial dose) OR ceftazidime (50 mg/kg, maximium 2 g, for the initial dose)"
    ]
  },
  {
    "id": "tabletApp",
    "interface": "TabletApp",
    "name": "RecommendDrug",
    "args": [ "Patients at increased risk of fungal infection",
              "OSF Antibiotics Set",
              "drug combination",
              "Add liposomal amphotericin B or an echinocandin (e.g., caspofungin, micafungin) to the antimicrobial regimen"
    ]
  }
]

