[
  {
    "id": "tabletApp",
    "interface": "TabletApp",
    "name": "Instruct",
    "args": ["get fluid overload risks"]
  },
  {
    "id": "tabletApp",
    "interface": "TabletApp",
    "name": "ConfirmFluidOverloadRisksEntered",
    "args": []
  },
  {
    "id": "tabletApp",
    "interface": "TabletApp",
    "name": "RecommendDrug",
    "args": [
      "Normal Saline",
      "Fluid Therapy",
      "5",
      "administer 5-10 ml/kg Normal Saline"
    ]
  },
  {
    "id": "tabletApp",
    "interface": "TabletApp",
    "name": "Instruct",
    "args": ["get responsiveness to fluids"]
  },
  {
    "id": "tabletApp",
    "interface": "TabletApp",
    "name": "Instruct",
    "args": ["get fluid overload signs"]
  },
  {
    "id": "tabletApp",
    "interface": "TabletApp",
    "name": "Recommend",
    "args": [
      "get fluid next step",
      "Responsiveness to fluid therapy: true",
      "Fluid overload: true",
      "Recommendation: handle fluid overload"
    ]
  },
  {
    "id": "tabletApp",
    "interface": "TabletApp",
    "name": "RecommendDrug",
    "args": [
      "Normal Saline",
      "Fluid Therapy",
      "5",
      "administer 5-10 ml/kg Normal Saline"
    ]
  }
]
