[
  {
    "id": "tabletApp",
    "interface": "TabletApp",
    "name": "Instruct",
    "args": [
      "get age"
    ]
  },
  {
    "id": "tabletApp",
    "interface": "TabletApp",
    "name": "ConfirmAgeEntered",
    "args": []
  },
  {
    "id": "tabletApp",
    "interface": "TabletApp",
    "name": "Instruct",
    "args": [
      "get weight"
    ]
  },
  {
    "id": "tabletApp",
    "interface": "TabletApp",
    "name": "Instruct",
    "args": ["get fluid overload risks"]
  },
  {
    "id": "tabletApp",
    "interface": "TabletApp",
    "name": "ConfirmFluidOverloadRisksEntered",
    "args": []
  },
  {
    "id": "datastore",
    "interface": "Datastore",
    "name": "Obtain",
    "args": ["Normal Saline Count"]
  },
  {
    "id": "datastore",
    "interface": "Datastore",
    "name": "Obtain",
    "args": ["Lactated Ringer Count"]
  },
  {
    "id": "tabletApp",
    "interface": "TabletApp",
    "name": "AlternativeDrugs",
    "args": [
      "Administer 5-10 ml/kg Normal Saline or Lactated Ringer.",
      "Normal Saline",
      "Fluid Therapy",
      "5",
      "Lactated Ringer",
      "Fluid Therapy",
      "5"
    ]
  }
]
