[
  {
    "id": "tabletApp",
    "interface": "TabletApp",
    "name": "ConfirmAgeEntered",
    "args": []
  },
  {
    "id": "tabletApp",
    "interface": "TabletApp",
    "name": "Instruct",
    "args": ["get BP"]
  },
  {
    "id": "datastore",
    "interface": "Datastore",
    "name": "Obtain",
    "args": [
      "BP Sys"
    ]
  },
  {
    "id": "datastore",
    "interface": "Datastore",
    "name": "Obtain",
    "args": [
      "MAP"
    ]
  },
  {
    "id": "tabletApp",
    "interface": "TabletApp",
    "name": "Instruct",
    "args": ["get shock type measurements"]
  },
  {
    "id": "datastore",
    "interface": "Datastore",
    "name": "Obtain",
    "args": [
      "Fluid Overload Signs"
    ]
  },
  {
    "id": "datastore",
    "interface": "Datastore",
    "name": "Obtain",
    "args": [
      "Pulse Quality"
    ]
  },
  {
    "id": "datastore",
    "interface": "Datastore",
    "name": "Obtain",
    "args": [
      "Capillary Refill"
    ]
  },
  {
    "id": "datastore",
    "interface": "Datastore",
    "name": "Obtain",
    "args": [
      "Skin Color"
    ]
  },
  {
    "id": "tabletApp",
    "interface": "TabletApp",
    "name": "Recommend",
    "args": [
      "get shock type"
      , "Pulse quality is not entered\nCapillary refill is not entered\nSkin color is not entered\n"
      , "Recommendation: Indistinguishable shock type management"
    ]
  },
  {
    "id": "tabletApp",
    "interface": "TabletApp",
    "name": "Recommend",
    "args": [
      "recommend"
      , "Shock type is indistinguishable."
    ]
  }
]
