[
  {
    "id": "tabletApp",
    "interface": "TabletApp",
    "name": "ConfirmAgeEntered",
    "args": []
  },
  {
    "id": "tabletApp",
    "interface": "TabletApp",
    "name": "Instruct",
    "args": ["get BP"]
  },
  {
    "id": "datastore",
    "interface": "Datastore",
    "name": "Obtain",
    "args": [
      "BP Sys"
    ]
  },
  {
    "id": "datastore",
    "interface": "Datastore",
    "name": "Obtain",
    "args": [
      "MAP"
    ]
  },
  {
    "id": "tabletApp",
    "interface": "TabletApp",
    "name": "Instruct",
    "args": ["get shock type measurements"]
  },
  {
    "id": "datastore",
    "interface": "Datastore",
    "name": "Obtain",
    "args": [
      "Fluid Overload Signs"
    ]
  },
  {
    "id": "tabletApp",
    "interface": "TabletApp",
    "name": "Recommend",
    "args": [
      "get shock type"
      , "Fluid overload signs indicate decreased cardiac ability to deal with increased venous pressure. Consider using epinephrine to improve cadiac contractility."
      , "Recommendation: Cold Shock management"
    ]
  },
  {
    "id": "tabletApp",
    "interface": "TabletApp",
    "name": "RecommendDrug",
    "args": [
      "Epinephrine",
      "Inotropes",
      "<1,10>Rat",
      "administer 0.1-1 mcg/kg/min IV/IO infusion"
    ]
  }
]
