[
  {
    "id": "tabletApp",
    "interface": "TabletApp",
    "name": "Instruct",
    "args": [
      "get age"
    ]
  },
  {
    "id": "tabletApp",
    "interface": "TabletApp",
    "name": "ConfirmAgeEntered",
    "args": []
  },
  {
    "id": "tabletApp",
    "interface": "TabletApp",
    "name": "Instruct",
    "args": [
      "get weight"
    ]
  },
  {
    "id": "tabletApp",
    "interface": "TabletApp",
    "name": "ConfirmWeightEntered",
    "args": []
  },
  {
    "id": "tabletApp",
    "interface": "TabletApp",
    "name": "Instruct",
    "args": [
      "get high risk conditions"
    ]
  },
  {
    "id": "tabletApp",
    "interface": "TabletApp",
    "name": "ConfirmHighRiskConditionsEntered",
    "args": []
  },
  {
    "id": "tabletApp",
    "interface": "TabletApp",
    "name": "Instruct",
    "args": [
      "get 3 buckets measurements"
    ]
  },
  {
    "id": "datastore",
    "interface": "Datastore",
    "name": "Obtain",
    "args": [
      "hr"
    ]
  },
  {
    "id": "datastore",
    "interface": "Datastore",
    "name": "Obtain",
    "args": [
      "bpSys"
    ]
  },
  {
    "id": "datastore",
    "interface": "Datastore",
    "name": "Obtain",
    "args": [
      "temp"
    ]
  },
  {
    "id": "datastore",
    "interface": "Datastore",
    "name": "Obtain",
    "args": [
      "pulseQuality"
    ]
  },
  {
    "id": "datastore",
    "interface": "Datastore",
    "name": "Obtain",
    "args": [
      "mentalStatus"
    ]
  },
  {
    "id": "datastore",
    "interface": "Datastore",
    "name": "Obtain",
    "args": [
      "capillaryRefill"
    ]
  },
  {
    "id": "datastore",
    "interface": "Datastore",
    "name": "Obtain",
    "args": [
      "skinColor"
    ]
  },
  {
    "id": "datastore",
    "interface": "Datastore",
    "name": "Obtain",
    "args": [
      "highRiskConditions"
    ]
  },
  {
    "id": "tabletApp",
    "interface": "TabletApp",
    "name": "DisplayDiagnosis",
    "args": [
      false
    ]
  }
]
